[35700:2692:0910/202840.958:VERBOSE1:chrome\updater\event_history.cc:167] Failed to write security descriptor for C:\Program Files (x86)\Google\GoogleUpdater\updater_history.jsonl: Access is denied. (0x5)
[35700:2692:0910/202840.959:VERBOSE1:chrome\updater\updater.cc:374] Version: 152.0.7933.0, opt, x86_64, command line: "C:\Program Files (x86)\Google\GoogleUpdater\152.0.7933.0\updater.exe" --update-apps --system
[35700:2692:0910/202840.959:VERBOSE1:chrome\updater\updater.cc:377] OS version: 10.0.26200.9168, arch: x86_64, System uptime (seconds): 294957, parent pid: 30976
[35700:2692:0910/202840.959:VERBOSE1:chrome\updater\updater.cc:382] Available disk space in install directory (C:\Program Files (x86)\Google\GoogleUpdater): 135515901952B (126.209GiB) / 509722226688B (474.716GiB)
[35700:2692:0910/202840.959:VERBOSE1:chrome\updater\updater.cc:386] Available disk space in temporary directory (C:\Users\Hisen\AppData\Local\Temp): 135515901952B (126.209GiB) / 509722226688B (474.716GiB)
[35700:2692:0910/202840.959:VERBOSE1:chrome\updater\updater.cc:393] Parent process command line: C:\Users\Hisen\AppData\Local\Microsoft\WindowsApps\Microsoft.PowerShell_8wekyb3d8bbwe\pwsh.exe -noexit -command "try { . \"c:\Users\Hisen\AppData\Local\Programs\Microsoft VS Code\88e44fa0e0\resources\app\out\vs\workbench\contrib\terminal\common\scripts\shellIntegration.ps1\" } catch {}"
[35700:2692:0910/202840.959:VERBOSE1:chrome\updater\util\win_util.cc:583] available: 31058M, total: 59115M, phys: 16G
[35700:2692:0910/202840.959:VERBOSE1:chrome\updater\event_history.cc:238] Failed to write history event: logging not initialized
[36788:8580:0910/202841.007:VERBOSE1:chrome\updater\event_history.cc:167] Failed to write security descriptor for C:\Program Files (x86)\Google\GoogleUpdater\updater_history.jsonl: Access is denied. (0x5)
[36788:8580:0910/202841.007:VERBOSE1:chrome\updater\updater.cc:374] Version: 152.0.7933.0, opt, x86_64, command line: "C:\Program Files (x86)\Google\GoogleUpdater\152.0.7933.0\updater.exe" --crash-handler --system "--database=C:\Program Files (x86)\Google\GoogleUpdater\152.0.7933.0\Crashpad" --url=https://clients2.google.com/cr/report --annotation=prod=Update4 --annotation=ver=152.0.7933.0 "--attachment=C:\Program Files (x86)\Google\GoogleUpdater\updater.log" "--attachment=C:\Program Files (x86)\Google\GoogleUpdater\updater_history.jsonl" --initial-client-data=0x298,0x29c,0x2a0,0x294,0x2a4,0x7ff7a578cd68,0x7ff7a578cd78,0x7ff7a578cd88
[36788:8580:0910/202841.007:VERBOSE1:chrome\updater\updater.cc:377] OS version: 10.0.26200.9168, arch: x86_64, System uptime (seconds): 294957, parent pid: 35700
[36788:8580:0910/202841.007:VERBOSE1:chrome\updater\updater.cc:382] Available disk space in install directory (C:\Program Files (x86)\Google\GoogleUpdater): 135515897856B (126.209GiB) / 509722226688B (474.716GiB)
[36788:8580:0910/202841.007:VERBOSE1:chrome\updater\updater.cc:386] Available disk space in temporary directory (C:\Users\Hisen\AppData\Local\Temp): 135515897856B (126.209GiB) / 509722226688B (474.716GiB)
[36788:8580:0910/202841.007:VERBOSE1:chrome\updater\updater.cc:393] Parent process command line: "C:\Program Files (x86)\Google\GoogleUpdater\152.0.7933.0\updater.exe" --update-apps --system
[36788:8580:0910/202841.007:VERBOSE1:chrome\updater\util\win_util.cc:583] available: 31055M, total: 59115M, phys: 16G
[36788:8580:0910/202841.007:VERBOSE1:chrome\updater\event_history.cc:238] Failed to write history event: logging not initialized
[35700:2692:0910/202841.009:VERBOSE1:chrome\updater\crash_reporter.cc:124] Crash handler launched and ready.
[35700:2692:0910/202841.009:ERROR:chrome\updater\crash_client.cc:124] Failed to fetch completed crash reports: 3
[35700:2692:0910/202841.009:ERROR:chrome\updater\crash_client.cc:140] Failed to fetch pending crash reports: 3
[35700:2692:0910/202841.011:VERBOSE2:chrome\updater\usage_stats_permissions_win.cc:77] usage stats enabled by app {8A69D345-D564-463C-AFF1-A69D9E530F96}
[35700:2692:0910/202841.011:ERROR:third_party\crashpad\crashpad\util\file\file_io_win.cc:181] CreateFile C:\Program Files (x86)\Google\GoogleUpdater\152.0.7933.0\Crashpad\settings.dat: Access is denied. (0x5)
[35700:2692:0910/202841.011:ERROR:third_party\crashpad\crashpad\util\file\file_io_win.cc:181] CreateFile C:\Program Files (x86)\Google\GoogleUpdater\152.0.7933.0\Crashpad\settings.dat: Access is denied. (0x5)
[35700:2692:0910/202841.011:VERBOSE1:chrome\updater\updater.cc:105] Crash reporting initialized.
[35700:2692:0910/202841.012:VERBOSE1:chrome\updater\updater.cc:155] IsUserAdmin: 0, IsUserNonElevatedAdmin: 1, IsUACOn: 1, IsElevatedWithUACOn: 0, LUA: 1
[35700:2692:0910/202841.012:VERBOSE1:chrome\updater\ipc\update_service_proxy_win.cc:1125] GetAppStates
[35700:28444:0910/202841.163:VERBOSE2:chrome\updater\ipc\update_service_proxy_win.cc:300] Run
[35700:2692:0910/202841.166:VERBOSE1:chrome\updater\ipc\update_service_proxy_win.cc:1165] Update
[35700:28444:0910/202841.502:VERBOSE2:chrome\updater\ipc\update_service_proxy_win.cc:219] ICompleteStatus::OnComplete: code=0, hr=0
[35700:2692:0910/202841.502:VERBOSE1:chrome\updater\ipc\update_service_proxy_win.cc:1165] Update
[35700:28444:0910/202841.550:VERBOSE2:chrome\updater\ipc\update_service_proxy_win.cc:219] ICompleteStatus::OnComplete: code=0, hr=0
[35700:2692:0910/202841.550:VERBOSE1:chrome\updater\ipc\update_service_proxy_win.cc:1165] Update
[35700:28444:0910/202841.605:VERBOSE2:chrome\updater\ipc\update_service_proxy_win.cc:219] ICompleteStatus::OnComplete: code=0, hr=0
[35700:2692:0910/202841.606:VERBOSE1:chrome\updater\app\app.cc:52] Shutdown: 0
[35700:2692:0910/202841.606:VERBOSE1:chrome\updater\ipc\update_service_proxy_win.cc:1090] ~UpdateServiceProxyWinImpl
[35700:28752:0910/202841.607:VERBOSE2:chrome\updater\ipc\proxy_impl_base_win.h:58] ~ProxyImplBase
[35700:2692:0910/202841.612:VERBOSE1:chrome\updater\event_history.cc:238] Failed to write history event: logging not initialized
[35700:2692:0910/202841.612:VERBOSE1:chrome\updater\updater.cc:419] UpdaterMain (--) returned 0.
[36788:8580:0910/202841.623:VERBOSE1:chrome\updater\event_history.cc:238] Failed to write history event: logging not initialized
[36788:8580:0910/202841.623:VERBOSE1:chrome\updater\updater.cc:419] UpdaterMain (--crash-handler) returned 0.
[12144:33980:0910/210214.575:VERBOSE1:chrome\updater\event_history.cc:167] Failed to write security descriptor for C:\Program Files (x86)\Google\GoogleUpdater\updater_history.jsonl: Access is denied. (0x5)
[12144:33980:0910/210214.576:VERBOSE1:chrome\updater\updater.cc:374] Version: 152.0.7933.0, opt, x86_64, command line: "C:\Program Files (x86)\Google\GoogleUpdater\152.0.7933.0\updater.exe" --update-apps --system
[12144:33980:0910/210214.576:VERBOSE1:chrome\updater\updater.cc:377] OS version: 10.0.26200.9168, arch: x86_64, System uptime (seconds): 296971, parent pid: 30976
[12144:33980:0910/210214.576:VERBOSE1:chrome\updater\updater.cc:382] Available disk space in install directory (C:\Program Files (x86)\Google\GoogleUpdater): 134598021120B (125.354GiB) / 509722226688B (474.716GiB)
[12144:33980:0910/210214.576:VERBOSE1:chrome\updater\updater.cc:386] Available disk space in temporary directory (C:\Users\Hisen\AppData\Local\Temp): 134598021120B (125.354GiB) / 509722226688B (474.716GiB)
[12144:33980:0910/210214.576:VERBOSE1:chrome\updater\updater.cc:393] Parent process command line: C:\Users\Hisen\AppData\Local\Microsoft\WindowsApps\Microsoft.PowerShell_8wekyb3d8bbwe\pwsh.exe -noexit -command "try { . \"c:\Users\Hisen\AppData\Local\Programs\Microsoft VS Code\88e44fa0e0\resources\app\out\vs\workbench\contrib\terminal\common\scripts\shellIntegration.ps1\" } catch {}"
[12144:33980:0910/210214.576:VERBOSE1:chrome\updater\util\win_util.cc:583] available: 33966M, total: 59115M, phys: 16G
[12144:33980:0910/210214.576:VERBOSE1:chrome\updater\event_history.cc:238] Failed to write history event: logging not initialized
[11324:23664:0910/210214.606:VERBOSE1:chrome\updater\event_history.cc:167] Failed to write security descriptor for C:\Program Files (x86)\Google\GoogleUpdater\updater_history.jsonl: Access is denied. (0x5)
[11324:23664:0910/210214.606:VERBOSE1:chrome\updater\updater.cc:374] Version: 152.0.7933.0, opt, x86_64, command line: "C:\Program Files (x86)\Google\GoogleUpdater\152.0.7933.0\updater.exe" --crash-handler --system "--database=C:\Program Files (x86)\Google\GoogleUpdater\152.0.7933.0\Crashpad" --url=https://clients2.google.com/cr/report --annotation=prod=Update4 --annotation=ver=152.0.7933.0 "--attachment=C:\Program Files (x86)\Google\GoogleUpdater\updater.log" "--attachment=C:\Program Files (x86)\Google\GoogleUpdater\updater_history.jsonl" --initial-client-data=0x2a8,0x2ac,0x2b0,0x288,0x2b4,0x7ff60c64cd68,0x7ff60c64cd78,0x7ff60c64cd88
[11324:23664:0910/210214.606:VERBOSE1:chrome\updater\updater.cc:377] OS version: 10.0.26200.9168, arch: x86_64, System uptime (seconds): 296971, parent pid: 12144
[11324:23664:0910/210214.606:VERBOSE1:chrome\updater\updater.cc:382] Available disk space in install directory (C:\Program Files (x86)\Google\GoogleUpdater): 134598021120B (125.354GiB) / 509722226688B (474.716GiB)
[11324:23664:0910/210214.606:VERBOSE1:chrome\updater\updater.cc:386] Available disk space in temporary directory (C:\Users\Hisen\AppData\Local\Temp): 134598021120B (125.354GiB) / 509722226688B (474.716GiB)
[11324:23664:0910/210214.606:VERBOSE1:chrome\updater\updater.cc:393] Parent process command line: "C:\Program Files (x86)\Google\GoogleUpdater\152.0.7933.0\updater.exe" --update-apps --system
[11324:23664:0910/210214.606:VERBOSE1:chrome\updater\util\win_util.cc:583] available: 33963M, total: 59115M, phys: 16G
[11324:23664:0910/210214.606:VERBOSE1:chrome\updater\event_history.cc:238] Failed to write history event: logging not initialized
[12144:33980:0910/210214.607:VERBOSE1:chrome\updater\crash_reporter.cc:124] Crash handler launched and ready.
[12144:33980:0910/210214.607:ERROR:chrome\updater\crash_client.cc:124] Failed to fetch completed crash reports: 3
[12144:33980:0910/210214.607:ERROR:chrome\updater\crash_client.cc:140] Failed to fetch pending crash reports: 3
[12144:33980:0910/210214.607:VERBOSE2:chrome\updater\usage_stats_permissions_win.cc:77] usage stats enabled by app {8A69D345-D564-463C-AFF1-A69D9E530F96}
[12144:33980:0910/210214.608:ERROR:third_party\crashpad\crashpad\util\file\file_io_win.cc:181] CreateFile C:\Program Files (x86)\Google\GoogleUpdater\152.0.7933.0\Crashpad\settings.dat: Access is denied. (0x5)
[12144:33980:0910/210214.608:ERROR:third_party\crashpad\crashpad\util\file\file_io_win.cc:181] CreateFile C:\Program Files (x86)\Google\GoogleUpdater\152.0.7933.0\Crashpad\settings.dat: Access is denied. (0x5)
[12144:33980:0910/210214.608:VERBOSE1:chrome\updater\updater.cc:105] Crash reporting initialized.
[12144:33980:0910/210214.609:VERBOSE1:chrome\updater\updater.cc:155] IsUserAdmin: 0, IsUserNonElevatedAdmin: 1, IsUACOn: 1, IsElevatedWithUACOn: 0, LUA: 1
[12144:33980:0910/210214.611:VERBOSE1:chrome\updater\ipc\update_service_proxy_win.cc:1125] GetAppStates
[12144:24556:0910/210214.625:VERBOSE2:chrome\updater\ipc\update_service_proxy_win.cc:300] Run
[12144:33980:0910/210214.628:VERBOSE1:chrome\updater\ipc\update_service_proxy_win.cc:1165] Update
[12144:24556:0910/210214.674:VERBOSE2:chrome\updater\ipc\update_service_proxy_win.cc:219] ICompleteStatus::OnComplete: code=0, hr=0
[12144:33980:0910/210214.674:VERBOSE1:chrome\updater\ipc\update_service_proxy_win.cc:1165] Update
[12144:24556:0910/210214.713:VERBOSE2:chrome\updater\ipc\update_service_proxy_win.cc:219] ICompleteStatus::OnComplete: code=0, hr=0
[12144:33980:0910/210214.714:VERBOSE1:chrome\updater\ipc\update_service_proxy_win.cc:1165] Update
[12144:24556:0910/210214.758:VERBOSE2:chrome\updater\ipc\update_service_proxy_win.cc:219] ICompleteStatus::OnComplete: code=0, hr=0
[12144:33980:0910/210214.759:VERBOSE1:chrome\updater\app\app.cc:52] Shutdown: 0
[12144:33980:0910/210214.759:VERBOSE1:chrome\updater\ipc\update_service_proxy_win.cc:1090] ~UpdateServiceProxyWinImpl
[12144:18376:0910/210214.759:VERBOSE2:chrome\updater\ipc\proxy_impl_base_win.h:58] ~ProxyImplBase
[12144:33980:0910/210214.764:VERBOSE1:chrome\updater\event_history.cc:238] Failed to write history event: logging not initialized
[12144:33980:0910/210214.764:VERBOSE1:chrome\updater\updater.cc:419] UpdaterMain (--) returned 0.
[11324:23664:0910/210214.772:VERBOSE1:chrome\updater\event_history.cc:238] Failed to write history event: logging not initialized
[11324:23664:0910/210214.772:VERBOSE1:chrome\updater\updater.cc:419] UpdaterMain (--crash-handler) returned 0.
